Found AccessTransformer in main resources: HBM_at.cfg
:getVersionJsonIndex UP-TO-DATE
:getVersionJson UP-TO-DATE
:downloadClient SKIPPED
:downloadServer SKIPPED
:extractUserDev UP-TO-DATE
:mergeJars SKIPPED
:applyBinPatches SKIPPED
:downloadMcpTools SKIPPED
:extractMcpData UP-TO-DATE
:genSrgs SKIPPED
:deobfBinJar UP-TO-DATE
:compileApiJava NO-SOURCE
:processApiResources NO-SOURCE
:apiClasses UP-TO-DATE
:sourceMainJava UP-TO-DATE
./gradlew.bat : C:\Users\nikok\Desktop\NTM-1-of-90-Edition-GIT\build\sources\java\com\hbm\items\
weapon\grenade\ItemGrenadeUniversal.java:161: error: ')' expected
In Zeile:1 Zeichen:1
+ ./gradlew.bat compileJava 2>&1 > compile_output.txt ; Select-String " ...
+ ~~~~~~~~~~~~~~~~~~~~~~~~~~~~~~~~~~~~~~~~~~~~~~~~~~~
    + CategoryInfo          : NotSpecified: (C:\Users\nikok\...r: ')' expected:String) [], Remo 
   teException
    + FullyQualifiedErrorId : NativeCommandError
 
		ItemStack stack = new ItemStack(// NOT AVAILABLE: ModItems.grenade_universal, amount);
		         ^
C:\Users\nikok\Desktop\NTM-1-of-90-Edition-GIT\build\sources\java\com\hbm\items\weapon\grenade\I
temGrenadeUniversal.java:162: error: ')' expected
		stack.stackTagCompound = new NBTTagCompound();
		                                             ^
2 errors
:compileJava FAILED

FAILURE: Build failed with an exception.

* What went wrong:
Execution failed for task ':compileJava'.
> Compilation failed; see the compiler error output for details.

* Try:
Run with --stacktrace option to get the stack trace. Run with --info or --debug option to get 
more log output. Run with --scan to get full insights.

* Get more help at https://help.gradle.org

BUILD FAILED in 9s
7 actionable tasks: 1 executed, 6 up-to-date
